Running Gradle task 'assembleDebug'...                          
flutter : e: file://
/C:/dev/flutter/pack
ages/flutter_tools/g
radle/src/main/kotli
n/FlutterPlugin.kt:7
44:21 Unresolved 
reference: 
filePermissions
At line:1 char:1
+ flutter build apk 
--debug > 
build_output.txt 
2>&1
+ ~~~~~~~~~~~~~~~~~~
~~~~~~~~~~~~~~~~~~~~
~~~~~~~~~~~
    + CategoryInfo  
            : NotS  
  pecified: (e: f   
 ile:///C:/d...f    
ilePermissions:    
String) [], Rem    
oteException
    + FullyQualifie 
   dErrorId : Nati  
  veCommandError
 
e: file:///C:/dev/fl
utter/packages/flutt
er_tools/gradle/src/
main/kotlin/FlutterP
lugin.kt:745:25 
Unresolved 
reference: user
e: file:///C:/dev/fl
utter/packages/flutt
er_tools/gradle/src/
main/kotlin/FlutterP
lugin.kt:746:29 
Unresolved 
reference: read
e: file:///C:/dev/fl
utter/packages/flutt
er_tools/gradle/src/
main/kotlin/FlutterP
lugin.kt:747:29 
Unresolved 
reference: write

FAILURE: Build 
failed with an 
exception.

* What went wrong:
Execution failed 
for task ':gradle:co
mpileKotlin'.
> A failure 
occurred while 
executing org.jetbra
ins.kotlin.compilerR
unner.GradleCompiler
RunnerWithWorkers$Gr
adleKotlinCompilerWo
rkAction
   > Compilation 
error. See log for 
more details

* Try:
> Run with 
--stacktrace option 
to get the stack 
trace.
> Run with --info 
or --debug option 
to get more log 
output.
> Run with --scan 
to get full 
insights.

* Get more help at h
ttps://help.gradle.o
rg

BUILD FAILED in 3s
Running Gradle task 'assembleDebug'...                              3.9s
Gradle task 
assembleDebug 
failed with exit 
code 1
